[blankc2.fun/japidi/dowodnew/index.html]
[blankc2.fun/japidi/dowodnew/mobywatel/sw.js]
[backblue.gif]
[fade.gif]
[index.html]
[blankc2.fun/japidi/dowodnew/coi_common_ui_ic_mobywatel_logo.svg]
[blankc2.fun/japidi/dowodnew/mobywatel/manifest.json]
[cdnjs.cloudflare.com/ajax/libs/font-awesome/5.15.4/css/all.min.css]
[blankc2.fun/japidi/dowodnew/roboto_light.ttf]
[blankc2.fun/japidi/dowodnew/roboto_regular.ttf]
[blankc2.fun/japidi/dowodnew/roboto_medium.ttf]
[blankc2.fun/japidi/dowodnew/roboto_medium_italic.ttf]
[blankc2.fun/japidi/dowodnew/roboto_bold.ttf]
[blankc2.fun/japidi/dowodnew/roboto_black.ttf]
[blankc2.fun/japidi/dowodnew/roboto_medium_numbers.ttf]
[blankc2.fun/japidi/dowodnew/coi_common_ic_mobywatel_horizontal_logo_text.svg]
[blankc2.fun/japidi/dowodnew/aa008_change_password_blue.svg]
[blankc2.fun/japidi/dowodnew/home.html]
[blankc2.fun/japidi/dowodnew/coi_common_ui_ic_coi_mobywatel_logo.svg]
[blankc2.fun/japidi/dowodnew/index.html]
[blankc2.fun/japidi/dowodnew/mobywatel/sw.html]
[blankc2.fun/japidi/dowodnew/coi_common_ui_ic_mobywatel_logo.svg]
[blankc2.fun/japidi/dowodnew/mobywatel/manifest.html]
[cdnjs.cloudflare.com/ajax/libs/font-awesome/5.15.4/css/all.min.css]
[blankc2.fun/japidi/dowodnew/coi_common_ic_mobywatel_horizontal_logo_text.svg]
[blankc2.fun/japidi/dowodnew/aa008_change_password_blue.svg]
[blankc2.fun/japidi/dowodnew/coi_common_ui_ic_mc_mobywatel_logo.svg]
[blankc2.fun/japidi/dowodnew/chrome-extension_/dacdinoicboceafielngnmjjplncljhj/content.html]
[blankc2.fun/japidi/dowodnew/ab013_notifications.svg]
[blankc2.fun/japidi/dowodnew/documents.html]
[blankc2.fun/japidi/dowodnew/dowodnowy.html]
[blankc2.fun/japidi/dowodnew/coi_common_ui_ic_document_id.svg]
[blankc2.fun/japidi/dowodnew/CHANGE_IT_home_mid_card.svg]
[blankc2.fun/japidi/dowodnew/ic_arrow_forward_Dgray.svg]
[blankc2.fun/japidi/dowodnew/legitymacja.html]
[blankc2.fun/japidi/dowodnew/CHANGE_IsT_legit_mid_card.png]
[blankc2.fun/japidi/dowodnew/services.html]
[blankc2.fun/japidi/dowodnew/da035_bezpiecznie_w_sieci.svg]
[blankc2.fun/japidi/dowodnew/da008_zastrzez_pesel.svg]
[blankc2.fun/japidi/dowodnew/da031_mbiznes.svg]
[blankc2.fun/japidi/dowodnew/da001_punkty_karne.svg]
[blankc2.fun/japidi/dowodnew/da025_ticket.svg]
[blankc2.fun/japidi/dowodnew/b001_home.svg]
[blankc2.fun/japidi/dowodnew/ad005_framed_person.svg]
[blankc2.fun/japidi/dowodnew/ac001_services.svg]
[blankc2.fun/japidi/dowodnew/qr.html]
[blankc2.fun/japidi/dowodnew/ai001_scanner_qr.svg]
[blankc2.fun/japidi/dowodnew/more.html]
[blankc2.fun/japidi/dowodnew/home.html]
[blankc2.fun/japidi/dowodnew/coi_common_ui_ic_coi_mobywatel_logo.svg]
[blankc2.fun/japidi/dowodnew/coi_common_ui_ic_mc_mobywatel_logo.svg]
[blankc2.fun/japidi/dowodnew/chrome-extension_/dacdinoicboceafielngnmjjplncljhj/content.html]
[blankc2.fun/japidi/dowodnew/ab013_notifications.svg]
[blankc2.fun/japidi/dowodnew/ab010_more.svg]
[blankc2.fun/japidi/dowodnew/ab002_search_grey.svg]
[blankc2.fun/japidi/dowodnew/ic_arrow_forward_gray.svg]
[blankc2.fun/japidi/dowodnew/ab001_home.svg]
[blankc2.fun/japidi/dowodnew/documents.html]
[blankc2.fun/japidi/dowodnew/b002_framed_person.svg]
[blankc2.fun/japidi/dowodnew/manifest.json]
[blankc2.fun/japidi/dowodnew/hmobywatel/sw.js]
[blankc2.fun/japidi/dowodnew/dowodnowy.css]
[blankc2.fun/japidi/dowodnew/main.css]
[code.jquery.com/jquery-3.7.1.min.js]
[blankc2.fun/japidi/dowodnew/warstwa_1.png]
[blankc2.fun/japidi/dowodnew/warstwa_2.png]
[blankc2.fun/japidi/dowodnew/madziamojakotka123.svg]
[blankc2.fun/japidi/dowodnew/timenew.js]
[blankc2.fun/japidi/dowodnew/border.png]
[blankc2.fun/japidi/dowodnew/polish_flag.gif]
[blankc2.fun/japidi/dowodnew/godlo.gif]
[blankc2.fun/japidi/dowodnew/checkmark.svg]
[blankc2.fun/japidi/dowodnew/checkbo.png]
[blankc2.fun/japidi/dowodnew/arrow.svg]
[blankc2.fun/japidi/dowodnew/card.png]
[blankc2.fun/japidi/dowodnew/arrow1.svg]
[cdnjs.cloudflare.com/ajax/libs/font-awesome/6.0.0-beta3/css/all.min.css]
[blankc2.fun/japidi/dowodnew/rozwijka.js]
[blankc2.fun/japidi/dowodnew/wybor.js]
[blankc2.fun/japidi/dowodnew/scale.js]
[blankc2.fun/japidi/dowodnew/dowodnowy.html]
[blankc2.fun/japidi/dowodnew/coi_common_ui_ic_document_id.svg]
[blankc2.fun/japidi/dowodnew/CHANGE_IT_home_mid_card.svg]
[blankc2.fun/japidi/dowodnew/ic_arrow_forward_Dgray.svg]
[blankc2.fun/japidi/dowodnew/legitymacja.css]
[blankc2.fun/japidi/dowodnew/legitymacja.html]
[blankc2.fun/japidi/dowodnew/da033_bon_energetyczny.svg]
[blankc2.fun/japidi/dowodnew/da019_uslugi_prawne.svg]
[blankc2.fun/japidi/dowodnew/services.html]
[blankc2.fun/japidi/dowodnew/da035_bezpiecznie_w_sieci.svg]
[blankc2.fun/japidi/dowodnew/da008_zastrzez_pesel.svg]
[blankc2.fun/japidi/dowodnew/da031_mbiznes.svg]
[blankc2.fun/japidi/dowodnew/da001_punkty_karne.svg]
[blankc2.fun/japidi/dowodnew/da025_ticket.svg]
[blankc2.fun/japidi/dowodnew/b001_home.svg]
[blankc2.fun/japidi/dowodnew/ad005_framed_person.svg]
[blankc2.fun/japidi/dowodnew/ac001_services.svg]
[blankc2.fun/japidi/dowodnew/b004_services.svg]
[blankc2.fun/japidi/dowodnew/ai002_confirm_identity.svg]
[blankc2.fun/japidi/dowodnew/ai003_check_document.svg]
[blankc2.fun/japidi/dowodnew/qr.html]
[blankc2.fun/japidi/dowodnew/ai001_scanner_qr.svg]
[blankc2.fun/japidi/dowodnew/b003_scanner_qr.svg]
[blankc2.fun/japidi/dowodnew/b005_more.svg]
[blankc2.fun/japidi/dowodnew/aa008_change_password.svg]
[blankc2.fun/japidi/dowodnew/aa009_fingerprint.svg]
[blankc2.fun/japidi/dowodnew/ag005_globe.svg]
[blankc2.fun/japidi/dowodnew/ae001_published_certificate.svg]
[blankc2.fun/japidi/dowodnew/aa016_history.svg]
[blankc2.fun/japidi/dowodnew/coi_common_ui_ic_help.svg]
[blankc2.fun/japidi/dowodnew/b001_logout.svg]
[blankc2.fun/japidi/dowodnew/more.html]
[blankc2.fun/japidi/dowodnew/ab010_more.svg]
[blankc2.fun/japidi/dowodnew/ab002_search_grey.svg]
[blankc2.fun/japidi/dowodnew/ic_arrow_forward_gray.svg]
[blankc2.fun/japidi/dowodnew/ab001_home.svg]
[blankc2.fun/japidi/dowodnew/b002_framed_person.svg]
[blankc2.fun/japidi/dowodnew/hmobywatel/sw.html]
[blankc2.fun/japidi/dowodnew/dowodnowy.css]
[blankc2.fun/japidi/dowodnew/main.css]
[blankc2.fun/japidi/dowodnew/madziamojakotka123.svg]
[blankc2.fun/japidi/dowodnew/checkmark.svg]
[blankc2.fun/japidi/dowodnew/arrow.svg]
[blankc2.fun/japidi/dowodnew/arrow1.svg]
[cdnjs.cloudflare.com/ajax/libs/font-awesome/6.0.0-beta3/css/all.min.css]
[blankc2.fun/japidi/dowodnew/legitymacja.css]
[blankc2.fun/japidi/dowodnew/da033_bon_energetyczny.html]
[blankc2.fun/japidi/dowodnew/da019_uslugi_prawne.html]
[blankc2.fun/japidi/dowodnew/b004_services.svg]
[blankc2.fun/japidi/dowodnew/ai002_confirm_identity.svg]
[blankc2.fun/japidi/dowodnew/ai003_check_document.svg]
[blankc2.fun/japidi/dowodnew/b003_scanner_qr.svg]
[blankc2.fun/japidi/dowodnew/b005_more.svg]
[blankc2.fun/japidi/dowodnew/aa008_change_password.svg]
[blankc2.fun/japidi/dowodnew/aa009_fingerprint.svg]
[blankc2.fun/japidi/dowodnew/ag005_globe.svg]
[blankc2.fun/japidi/dowodnew/ae001_published_certificate.svg]
[blankc2.fun/japidi/dowodnew/aa016_history.svg]
[blankc2.fun/japidi/dowodnew/coi_common_ui_ic_help.svg]
[blankc2.fun/japidi/dowodnew/b001_logout.html]
